 >>>from fuzzywuzzy import fuzz
C:\Python27\lib\site-packages\fuzzywuzzy\fuzz.py:35: UserWarning: Using slow pure-python SequenceMatcher. Install python-Levenshtein to remove this warning
  warnings.warn('Using slow pure-python SequenceMatcher. Install python-Levenshtein to remove this warning')
>>> from fuzzywuzzy import process
>>> fuzz.ratio("This is a test line","this is a test line")
95
>>> fuzz.partial_ratio("FUZZY LOGIC","Fuzzy Logic")
27
>>> fuzz.ratoio("FUZZY LOGIC","Fuzzy Logic")
Traceback (most recent call last):
  File "<stdin>", line 1, in <module>
AttributeError: 'module' object has no attribute 'ratoio'
>>> fuzz.ratio("FUZZY LOGIC","Fuzzy Logic")
27
>>> fuzz.partial_ratio("Today is a good day","Good day")
88
>>> fuzz.token_sort_ratio("Today is a good day","TODAY is a gOOD day")
100
>>> fuzz.token_set_ratio("Today is a good day","Is today a good day?")
100
>>>fuzz.ratio("This is a very basic implementation of fuzzy logic","THIS IS A BASIC IMPLEMENTATION OF FUZZY LOGIC")
17
>>> fuzz.ratio("This is a very basic implementation of fuzzy logic","THIS IS A VERY BASIC IMPLEMENTATION OF FUZZY LOGIC")
18
>>> fuzz.partial_ratio("This is a very basic implementation of fuzzy logic","fuzzy logic")
100
>>> fuzz.ratio("Fuzzy logic","fUZZY LOGIC")
9
>>> fuzz.token_set_ratio("Fuzzy logic","fUZZY LOGIC")
100
>>>fuzz.token_sort_ratio("Fuzzy logic","LoGiC FuZzY")
100
>>> query = 'Fuzzy Logic'
>>> choices = ['FUZZY LOGIC' , 'fuzzy logic','FuZzY LoGic','fuzzy LOGIC' , 'FUZZY logic']
>>> process.ecxtract(query,choices)
Traceback (most recent call last):
  File "<stdin>", line 1, in <module>
AttributeError: 'module' object has no attribute 'ecxtract'
>>> process.extract(query,choices)
[('FUZZY LOGIC', 100), ('fuzzy logic', 100), ('FuZzY LoGic', 100), ('fuzzy LOGIC', 100), ('FUZZY logic', 100)]
>>> choices = ['FUZZY LOGIC' , 'fuzzy logic','FuZzY LoGic','fuzzy LOGIC' , 'FUZZY']
>>> process.extract(query,choices)
[('FUZZY LOGIC', 100), ('fuzzy logic', 100), ('FuZzY LoGic', 100), ('fuzzy LOGIC', 100), ('FUZZY', 90)]
 choices = ['FUZ' , 'f logc','FuZ LoG','LOGIC' , 'FUZZY']
>>> process.extract(query,choices)
[('FUZ', 90), ('LOGIC', 90), ('FUZZY', 90), ('FuZ LoG', 78), ('f logc', 75)]